// Jest Snapshot v1, https://goo.gl/fbAQLP

exports[`RENDER ADD EXPENSE PAGE 1`] = `
<div>
  <h3>
    Add Expense
  </h3>
  <ExpenseForm
    onSubmit={[Function]}
  />
</div>
`;
