// Jest Snapshot v1, https://goo.gl/fbAQLP

exports[`TEST DASHBOARD 1`] = `
<div>
  <Connect(ExpenseSummary) />
  <Connect(ExpenseList) />
</div>
`;
