// Jest Snapshot v1, https://goo.gl/fbAQLP

exports[`TEST EDIT RENDER 1`] = `
<div>
  <ExpenseForm
    expense={
      Object {
        "amount": 900,
        "createdAt": 345600000,
        "description": "Foodie",
        "id": "3",
        "note": "",
      }
    }
    onSubmit={[Function]}
  />
  <button
    onClick={[Function]}
  >
    Remove
  </button>
</div>
`;
