// Jest Snapshot v1, https://goo.gl/fbAQLP

exports[`TEST MULTIPLE EXPENSE 1`] = `
<div>
  <h3>
    Viewing 
    2
     
    expenses
     totaling 
    345
     dollars.
  </h3>
</div>
`;

exports[`TEST NO EXPENSE 1`] = `""`;
