// Jest Snapshot v1, https://goo.gl/fbAQLP

exports[`TEST NOT FOUND 1`] = `
<div>
  404! 
  <Link
    replace={false}
    to="/"
  >
    Go Home!
  </Link>
</div>
`;
